AR uc_predmov behavioral C:/Users/Brunno/Desktop/TZSearch_Github/TZSearch/TZSearch_F/UC_PredMov.vhd sub00/vhpl19 1445371340
AR uc_tzsearch behavioral C:/Users/Brunno/Desktop/TZSearch_Github/TZSearch/TZSearch_F/UC_TZSearch.vhd sub00/vhpl25 1445371346
EN genericsub NULL C:/Users/Brunno/Desktop/TZSearch_Github/TZSearch/TZSearch_F/genericSub.vhd sub00/vhpl02 1445371323
EN uc_predmov NULL C:/Users/Brunno/Desktop/TZSearch_Github/TZSearch/TZSearch_F/UC_PredMov.vhd sub00/vhpl18 1445371339
AR uc_mainfirst behavioral C:/Users/Brunno/Desktop/TZSearch_Github/TZSearch/TZSearch_F/UC_MainFirst.vhd sub00/vhpl15 1445371336
PB std_sad std_sad C:/Users/Brunno/Desktop/TZSearch_Github/TZSearch/TZSearch_F/STD_SAD.vhd sub00/vhpl01 1445371322
EN uc_tzsearch NULL C:/Users/Brunno/Desktop/TZSearch_Github/TZSearch/TZSearch_F/UC_TZSearch.vhd sub00/vhpl24 1445371345
EN datapath NULL C:/Users/Brunno/Desktop/TZSearch_Github/TZSearch/TZSearch_F/SAD4x4_Datapath.vhd sub00/vhpl10 1445371331
AR final_tzsearch behavioral C:/Users/Brunno/Desktop/TZSearch_Github/TZSearch/TZSearch_F/Final_TZSearch.vhd sub00/vhpl27 1445371348
AR genericadder behavioral C:/Users/Brunno/Desktop/TZSearch_Github/TZSearch/TZSearch_F/genericAdder.vhd sub00/vhpl05 1445371326
AR blck4x4 behavioral C:/Users/Brunno/Desktop/TZSearch_Github/TZSearch/TZSearch_F/blck4x4.vhd sub00/vhpl09 1445371330
AR datapath_firstsearch behavioral C:/Users/Brunno/Desktop/TZSearch_Github/TZSearch/TZSearch_F/Datapath_FirstSearch.vhd sub00/vhpl21 1445371342
AR genericsub behavioral C:/Users/Brunno/Desktop/TZSearch_Github/TZSearch/TZSearch_F/genericSub.vhd sub00/vhpl03 1445371324
EN datapath_firstsearch NULL C:/Users/Brunno/Desktop/TZSearch_Github/TZSearch/TZSearch_F/Datapath_FirstSearch.vhd sub00/vhpl20 1445371341
EN datapath_raster NULL C:/Users/Brunno/Desktop/TZSearch_Github/TZSearch/TZSearch_F/Datapath_Raster.vhd sub00/vhpl22 1445371343
EN uc_sad NULL C:/Users/Brunno/Desktop/TZSearch_Github/TZSearch/TZSearch_F/UC_SAD.vhd sub00/vhpl12 1445371333
AR circularbuffer_datapath behavioral C:/Users/Brunno/Desktop/TZSearch_Github/TZSearch/TZSearch_F/CircularBuffer_Datapath.vhd sub00/vhpl07 1445371328
EN circularbuffer_datapath NULL C:/Users/Brunno/Desktop/TZSearch_Github/TZSearch/TZSearch_F/CircularBuffer_Datapath.vhd sub00/vhpl06 1445371327
AR uc_raster behavioral C:/Users/Brunno/Desktop/TZSearch_Github/TZSearch/TZSearch_F/UC_Raster.vhd sub00/vhpl17 1445371338
EN blck4x4 NULL C:/Users/Brunno/Desktop/TZSearch_Github/TZSearch/TZSearch_F/blck4x4.vhd sub00/vhpl08 1445371329
AR datapath_raster behavioral C:/Users/Brunno/Desktop/TZSearch_Github/TZSearch/TZSearch_F/Datapath_Raster.vhd sub00/vhpl23 1445371344
PH std_sad NULL C:/Users/Brunno/Desktop/TZSearch_Github/TZSearch/TZSearch_F/STD_SAD.vhd sub00/vhpl00 1445371321
EN genericadder NULL C:/Users/Brunno/Desktop/TZSearch_Github/TZSearch/TZSearch_F/genericAdder.vhd sub00/vhpl04 1445371325
AR datapath behavioral C:/Users/Brunno/Desktop/TZSearch_Github/TZSearch/TZSearch_F/SAD4x4_Datapath.vhd sub00/vhpl11 1445371332
EN uc_mainfirst NULL C:/Users/Brunno/Desktop/TZSearch_Github/TZSearch/TZSearch_F/UC_MainFirst.vhd sub00/vhpl14 1445371335
AR uc_sad behavioral C:/Users/Brunno/Desktop/TZSearch_Github/TZSearch/TZSearch_F/UC_SAD.vhd sub00/vhpl13 1445371334
EN final_tzsearch NULL C:/Users/Brunno/Desktop/TZSearch_Github/TZSearch/TZSearch_F/Final_TZSearch.vhd sub00/vhpl26 1445371347
EN uc_raster NULL C:/Users/Brunno/Desktop/TZSearch_Github/TZSearch/TZSearch_F/UC_Raster.vhd sub00/vhpl16 1445371337
