AR uc_predmov behavioral C:/Users/Brunno/Desktop/TZSearch_Github/TZSearch/TZSearch_F/UC_PredMov.vhd sub00/vhpl21 1446222563
AR uc_tzsearch behavioral C:/Users/Brunno/Desktop/TZSearch_Github/TZSearch/TZSearch_F/UC_TZSearch.vhd sub00/vhpl27 1446222569
EN genericsub NULL C:/Users/Brunno/Desktop/TZSearch_Github/TZSearch/TZSearch_F/genericSub.vhd sub00/vhpl02 1446222544
EN uc_predmov NULL C:/Users/Brunno/Desktop/TZSearch_Github/TZSearch/TZSearch_F/UC_PredMov.vhd sub00/vhpl20 1446222562
EN mult_core NULL C:/Users/Brunno/Desktop/TZSearch_Github/TZSearch/TZSearch_F/ipcore_dir/mult_core.vhd sub00/vhpl10 1446222552
AR uc_mainfirst behavioral C:/Users/Brunno/Desktop/TZSearch_Github/TZSearch/TZSearch_F/UC_MainFirst.vhd sub00/vhpl17 1446222559
PB std_sad std_sad C:/Users/Brunno/Desktop/TZSearch_Github/TZSearch/TZSearch_F/STD_SAD.vhd sub00/vhpl01 1446222543
EN uc_tzsearch NULL C:/Users/Brunno/Desktop/TZSearch_Github/TZSearch/TZSearch_F/UC_TZSearch.vhd sub00/vhpl26 1446222568
EN datapath NULL C:/Users/Brunno/Desktop/TZSearch_Github/TZSearch/TZSearch_F/SAD4x4_Datapath.vhd sub00/vhpl12 1446222554
AR final_tzsearch behavioral C:/Users/Brunno/Desktop/TZSearch_Github/TZSearch/TZSearch_F/Final_TZSearch.vhd sub00/vhpl29 1446222571
AR genericadder behavioral C:/Users/Brunno/Desktop/TZSearch_Github/TZSearch/TZSearch_F/genericAdder.vhd sub00/vhpl05 1446222547
AR blck4x4 behavioral C:/Users/Brunno/Desktop/TZSearch_Github/TZSearch/TZSearch_F/blck4x4.vhd sub00/vhpl09 1446222551
AR datapath_firstsearch behavioral C:/Users/Brunno/Desktop/TZSearch_Github/TZSearch/TZSearch_F/Datapath_FirstSearch.vhd sub00/vhpl23 1446222565
AR genericsub behavioral C:/Users/Brunno/Desktop/TZSearch_Github/TZSearch/TZSearch_F/genericSub.vhd sub00/vhpl03 1446222545
EN datapath_firstsearch NULL C:/Users/Brunno/Desktop/TZSearch_Github/TZSearch/TZSearch_F/Datapath_FirstSearch.vhd sub00/vhpl22 1446222564
EN datapath_raster NULL C:/Users/Brunno/Desktop/TZSearch_Github/TZSearch/TZSearch_F/Datapath_Raster.vhd sub00/vhpl24 1446222566
EN testbench NULL C:/Users/Brunno/Desktop/TZSearch_Github/TZSearch/TZSearch_F/TB_TZSearch.vhd sub00/vhpl30 1446083470
EN uc_sad NULL C:/Users/Brunno/Desktop/TZSearch_Github/TZSearch/TZSearch_F/UC_SAD.vhd sub00/vhpl14 1446222556
AR circularbuffer_datapath behavioral C:/Users/Brunno/Desktop/TZSearch_Github/TZSearch/TZSearch_F/CircularBuffer_Datapath.vhd sub00/vhpl07 1446222549
EN circularbuffer_datapath NULL C:/Users/Brunno/Desktop/TZSearch_Github/TZSearch/TZSearch_F/CircularBuffer_Datapath.vhd sub00/vhpl06 1446222548
AR uc_raster behavioral C:/Users/Brunno/Desktop/TZSearch_Github/TZSearch/TZSearch_F/UC_Raster.vhd sub00/vhpl19 1446222561
EN blck4x4 NULL C:/Users/Brunno/Desktop/TZSearch_Github/TZSearch/TZSearch_F/blck4x4.vhd sub00/vhpl08 1446222550
AR mult_core mult_core_a C:/Users/Brunno/Desktop/TZSearch_Github/TZSearch/TZSearch_F/ipcore_dir/mult_core.vhd sub00/vhpl11 1446222553
AR datapath_raster behavioral C:/Users/Brunno/Desktop/TZSearch_Github/TZSearch/TZSearch_F/Datapath_Raster.vhd sub00/vhpl25 1446222567
PH std_sad NULL C:/Users/Brunno/Desktop/TZSearch_Github/TZSearch/TZSearch_F/STD_SAD.vhd sub00/vhpl00 1446222542
EN genericadder NULL C:/Users/Brunno/Desktop/TZSearch_Github/TZSearch/TZSearch_F/genericAdder.vhd sub00/vhpl04 1446222546
AR datapath behavioral C:/Users/Brunno/Desktop/TZSearch_Github/TZSearch/TZSearch_F/SAD4x4_Datapath.vhd sub00/vhpl13 1446222555
EN uc_mainfirst NULL C:/Users/Brunno/Desktop/TZSearch_Github/TZSearch/TZSearch_F/UC_MainFirst.vhd sub00/vhpl16 1446222558
AR uc_sad behavioral C:/Users/Brunno/Desktop/TZSearch_Github/TZSearch/TZSearch_F/UC_SAD.vhd sub00/vhpl15 1446222557
EN final_tzsearch NULL C:/Users/Brunno/Desktop/TZSearch_Github/TZSearch/TZSearch_F/Final_TZSearch.vhd sub00/vhpl28 1446222570
EN uc_raster NULL C:/Users/Brunno/Desktop/TZSearch_Github/TZSearch/TZSearch_F/UC_Raster.vhd sub00/vhpl18 1446222560
