AR uc_predmov behavioral C:/Users/Brunno/Desktop/TZSearch_Github/TZSearch/TZSearch_F/UC_PredMov.vhd sub00/vhpl19 1444466641
AR uc_tzsearch behavioral C:/Users/Brunno/Desktop/TZSearch_Github/TZSearch/TZSearch_F/UC_TZSearch.vhd sub00/vhpl25 1444466647
EN genericsub NULL C:/Users/Brunno/Desktop/TZSearch_Github/TZSearch/TZSearch_F/genericSub.vhd sub00/vhpl02 1444466624
EN uc_predmov NULL C:/Users/Brunno/Desktop/TZSearch_Github/TZSearch/TZSearch_F/UC_PredMov.vhd sub00/vhpl18 1444466640
AR uc_mainfirst behavioral C:/Users/Brunno/Desktop/TZSearch_Github/TZSearch/TZSearch_F/UC_MainFirst.vhd sub00/vhpl15 1444466637
PB std_sad std_sad C:/Users/Brunno/Desktop/TZSearch_Github/TZSearch/TZSearch_F/STD_SAD.vhd sub00/vhpl01 1444466623
EN uc_tzsearch NULL C:/Users/Brunno/Desktop/TZSearch_Github/TZSearch/TZSearch_F/UC_TZSearch.vhd sub00/vhpl24 1444466646
EN datapath NULL C:/Users/Brunno/Desktop/TZSearch_Github/TZSearch/TZSearch_F/SAD4x4_Datapath.vhd sub00/vhpl10 1444466632
AR final_tzsearch behavioral C:/Users/Brunno/Desktop/TZSearch_Github/TZSearch/TZSearch_F/Final_TZSearch.vhd sub00/vhpl27 1444466649
AR genericadder behavioral C:/Users/Brunno/Desktop/TZSearch_Github/TZSearch/TZSearch_F/genericAdder.vhd sub00/vhpl05 1444466627
AR blck4x4 behavioral C:/Users/Brunno/Desktop/TZSearch_Github/TZSearch/TZSearch_F/blck4x4.vhd sub00/vhpl09 1444466631
AR datapath_firstsearch behavioral C:/Users/Brunno/Desktop/TZSearch_Github/TZSearch/TZSearch_F/Datapath_FirstSearch.vhd sub00/vhpl21 1444466643
AR genericsub behavioral C:/Users/Brunno/Desktop/TZSearch_Github/TZSearch/TZSearch_F/genericSub.vhd sub00/vhpl03 1444466625
EN datapath_firstsearch NULL C:/Users/Brunno/Desktop/TZSearch_Github/TZSearch/TZSearch_F/Datapath_FirstSearch.vhd sub00/vhpl20 1444466642
EN datapath_raster NULL C:/Users/Brunno/Desktop/TZSearch_Github/TZSearch/TZSearch_F/Datapath_Raster.vhd sub00/vhpl22 1444466644
EN uc_sad NULL C:/Users/Brunno/Desktop/TZSearch_Github/TZSearch/TZSearch_F/UC_SAD.vhd sub00/vhpl12 1444466634
AR circularbuffer_datapath behavioral C:/Users/Brunno/Desktop/TZSearch_Github/TZSearch/TZSearch_F/CircularBuffer_Datapath.vhd sub00/vhpl07 1444466629
EN circularbuffer_datapath NULL C:/Users/Brunno/Desktop/TZSearch_Github/TZSearch/TZSearch_F/CircularBuffer_Datapath.vhd sub00/vhpl06 1444466628
AR uc_raster behavioral C:/Users/Brunno/Desktop/TZSearch_Github/TZSearch/TZSearch_F/UC_Raster.vhd sub00/vhpl17 1444466639
EN blck4x4 NULL C:/Users/Brunno/Desktop/TZSearch_Github/TZSearch/TZSearch_F/blck4x4.vhd sub00/vhpl08 1444466630
AR datapath_raster behavioral C:/Users/Brunno/Desktop/TZSearch_Github/TZSearch/TZSearch_F/Datapath_Raster.vhd sub00/vhpl23 1444466645
PH std_sad NULL C:/Users/Brunno/Desktop/TZSearch_Github/TZSearch/TZSearch_F/STD_SAD.vhd sub00/vhpl00 1444466622
EN genericadder NULL C:/Users/Brunno/Desktop/TZSearch_Github/TZSearch/TZSearch_F/genericAdder.vhd sub00/vhpl04 1444466626
AR datapath behavioral C:/Users/Brunno/Desktop/TZSearch_Github/TZSearch/TZSearch_F/SAD4x4_Datapath.vhd sub00/vhpl11 1444466633
EN uc_mainfirst NULL C:/Users/Brunno/Desktop/TZSearch_Github/TZSearch/TZSearch_F/UC_MainFirst.vhd sub00/vhpl14 1444466636
AR uc_sad behavioral C:/Users/Brunno/Desktop/TZSearch_Github/TZSearch/TZSearch_F/UC_SAD.vhd sub00/vhpl13 1444466635
EN final_tzsearch NULL C:/Users/Brunno/Desktop/TZSearch_Github/TZSearch/TZSearch_F/Final_TZSearch.vhd sub00/vhpl26 1444466648
EN uc_raster NULL C:/Users/Brunno/Desktop/TZSearch_Github/TZSearch/TZSearch_F/UC_Raster.vhd sub00/vhpl16 1444466638
