V3 62
FL C:/Users/Brunno/Desktop/TZSearch_Github/TZSearch/TZSearch_F/blck4x4.vhd 2015/10/24.02:06:18 P.20131013
EN work/blck4x4 1446222550 \
      FL C:/Users/Brunno/Desktop/TZSearch_Github/TZSearch/TZSearch_F/blck4x4.vhd \
      PB ieee/std_logic_1164 1381692176 PB ieee/STD_LOGIC_UNSIGNED 1381692179 \
      PB ieee/std_logic_arith 1381692177 PB ieee/NUMERIC_STD 1381692181 \
      PB work/STD_SAD 1446222543
AR work/blck4x4/Behavioral 1446222551 \
      FL C:/Users/Brunno/Desktop/TZSearch_Github/TZSearch/TZSearch_F/blck4x4.vhd \
      EN work/blck4x4 1446222550 CP genericSub CP genericAdder
FL C:/Users/Brunno/Desktop/TZSearch_Github/TZSearch/TZSearch_F/CircularBuffer_Datapath.vhd 2015/10/27.17:06:12 P.20131013
EN work/CircularBuffer_Datapath 1446222548 \
      FL C:/Users/Brunno/Desktop/TZSearch_Github/TZSearch/TZSearch_F/CircularBuffer_Datapath.vhd \
      PB ieee/std_logic_1164 1381692176 PB ieee/STD_LOGIC_UNSIGNED 1381692179 \
      PB work/STD_SAD 1446222543 PB ieee/NUMERIC_STD 1381692181
AR work/CircularBuffer_Datapath/Behavioral 1446222549 \
      FL C:/Users/Brunno/Desktop/TZSearch_Github/TZSearch/TZSearch_F/CircularBuffer_Datapath.vhd \
      EN work/CircularBuffer_Datapath 1446222548
FL C:/Users/Brunno/Desktop/TZSearch_Github/TZSearch/TZSearch_F/Datapath_FirstSearch.vhd 2015/10/30.14:28:54 P.20131013
EN work/Datapath_FirstSearch 1446222564 \
      FL C:/Users/Brunno/Desktop/TZSearch_Github/TZSearch/TZSearch_F/Datapath_FirstSearch.vhd \
      PB ieee/std_logic_1164 1381692176 PB ieee/STD_LOGIC_UNSIGNED 1381692179 \
      PB work/STD_SAD 1446222543
AR work/Datapath_FirstSearch/Behavioral 1446222565 \
      FL C:/Users/Brunno/Desktop/TZSearch_Github/TZSearch/TZSearch_F/Datapath_FirstSearch.vhd \
      EN work/Datapath_FirstSearch 1446222564 CP CircularBuffer_Datapath
FL C:/Users/Brunno/Desktop/TZSearch_Github/TZSearch/TZSearch_F/Datapath_Raster.vhd 2015/10/29.15:06:48 P.20131013
EN work/Datapath_Raster 1446222566 \
      FL C:/Users/Brunno/Desktop/TZSearch_Github/TZSearch/TZSearch_F/Datapath_Raster.vhd \
      PB ieee/std_logic_1164 1381692176 PB ieee/STD_LOGIC_UNSIGNED 1381692179 \
      PB work/STD_SAD 1446222543
AR work/Datapath_Raster/Behavioral 1446222567 \
      FL C:/Users/Brunno/Desktop/TZSearch_Github/TZSearch/TZSearch_F/Datapath_Raster.vhd \
      EN work/Datapath_Raster 1446222566
FL C:/Users/Brunno/Desktop/TZSearch_Github/TZSearch/TZSearch_F/Final_TZSearch.vhd 2015/10/29.16:46:05 P.20131013
EN work/Final_TZSearch 1446222570 \
      FL C:/Users/Brunno/Desktop/TZSearch_Github/TZSearch/TZSearch_F/Final_TZSearch.vhd \
      PB ieee/std_logic_1164 1381692176 PB ieee/STD_LOGIC_UNSIGNED 1381692179 \
      PB work/STD_SAD 1446222543
AR work/Final_TZSearch/Behavioral 1446222571 \
      FL C:/Users/Brunno/Desktop/TZSearch_Github/TZSearch/TZSearch_F/Final_TZSearch.vhd \
      EN work/Final_TZSearch 1446222570 CP mult_core CP Datapath CP UC_SAD \
      CP UC_MainFirst CP UC_Raster CP UC_PredMov CP Datapath_FirstSearch \
      CP Datapath_Raster CP UC_TZSearch
FL C:/Users/Brunno/Desktop/TZSearch_Github/TZSearch/TZSearch_F/genericAdder.vhd 2015/10/24.02:06:18 P.20131013
EN work/genericAdder 1446222546 \
      FL C:/Users/Brunno/Desktop/TZSearch_Github/TZSearch/TZSearch_F/genericAdder.vhd \
      PB ieee/std_logic_1164 1381692176 PB ieee/STD_LOGIC_UNSIGNED 1381692179
AR work/genericAdder/Behavioral 1446222547 \
      FL C:/Users/Brunno/Desktop/TZSearch_Github/TZSearch/TZSearch_F/genericAdder.vhd \
      EN work/genericAdder 1446222546
FL C:/Users/Brunno/Desktop/TZSearch_Github/TZSearch/TZSearch_F/genericSub.vhd 2015/10/24.02:06:18 P.20131013
EN work/genericSub 1446222544 \
      FL C:/Users/Brunno/Desktop/TZSearch_Github/TZSearch/TZSearch_F/genericSub.vhd \
      PB ieee/std_logic_1164 1381692176 PB ieee/STD_LOGIC_UNSIGNED 1381692179 \
      PB ieee/std_logic_arith 1381692177 PB ieee/NUMERIC_STD 1381692181
AR work/genericSub/Behavioral 1446222545 \
      FL C:/Users/Brunno/Desktop/TZSearch_Github/TZSearch/TZSearch_F/genericSub.vhd \
      EN work/genericSub 1446222544
FL C:/Users/Brunno/Desktop/TZSearch_Github/TZSearch/TZSearch_F/ipcore_dir/mult_core.vhd 2015/10/27.15:20:24 P.20131013
EN work/mult_core 1446222552 \
      FL C:/Users/Brunno/Desktop/TZSearch_Github/TZSearch/TZSearch_F/ipcore_dir/mult_core.vhd \
      PB ieee/std_logic_1164 1381692176
AR work/mult_core/mult_core_a 1446222553 \
      FL C:/Users/Brunno/Desktop/TZSearch_Github/TZSearch/TZSearch_F/ipcore_dir/mult_core.vhd \
      EN work/mult_core 1446222552
FL C:/Users/Brunno/Desktop/TZSearch_Github/TZSearch/TZSearch_F/SAD4x4_Datapath.vhd 2015/10/24.02:06:18 P.20131013
EN work/Datapath 1446222554 \
      FL C:/Users/Brunno/Desktop/TZSearch_Github/TZSearch/TZSearch_F/SAD4x4_Datapath.vhd \
      PB ieee/std_logic_1164 1381692176 PB ieee/STD_LOGIC_UNSIGNED 1381692179 \
      PB ieee/std_logic_arith 1381692177 PB ieee/NUMERIC_STD 1381692181 \
      PB work/STD_SAD 1446222543
AR work/Datapath/Behavioral 1446222555 \
      FL C:/Users/Brunno/Desktop/TZSearch_Github/TZSearch/TZSearch_F/SAD4x4_Datapath.vhd \
      EN work/Datapath 1446222554 CP blck4x4 CP genericAdder
FL C:/Users/Brunno/Desktop/TZSearch_Github/TZSearch/TZSearch_F/STD_SAD.vhd 2015/10/30.11:26:19 P.20131013
PH work/STD_SAD 1446222542 \
      FL C:/Users/Brunno/Desktop/TZSearch_Github/TZSearch/TZSearch_F/STD_SAD.vhd \
      PB ieee/std_logic_1164 1381692176 PB ieee/STD_LOGIC_UNSIGNED 1381692179
PB work/STD_SAD 1446222543 \
      FL C:/Users/Brunno/Desktop/TZSearch_Github/TZSearch/TZSearch_F/STD_SAD.vhd \
      PH work/STD_SAD 1446222542
FL C:/Users/Brunno/Desktop/TZSearch_Github/TZSearch/TZSearch_F/TB_TZSearch.vhd 2015/10/24.02:06:18 P.20131013
EN work/testbench 0 \
      FL C:/Users/Brunno/Desktop/TZSearch_Github/TZSearch/TZSearch_F/TB_TZSearch.vhd \
      PB ieee/std_logic_1164 1381692176 PB ieee/NUMERIC_STD 1381692181 \
      PB ieee/STD_LOGIC_UNSIGNED 1381692179 PB work/STD_SAD 1446222543
AR work/testbench/behavior 0 \
      FL C:/Users/Brunno/Desktop/TZSearch_Github/TZSearch/TZSearch_F/TB_TZSearch.vhd \
      EN work/testbench 0 CP Final_TZSearch
FL C:/Users/Brunno/Desktop/TZSearch_Github/TZSearch/TZSearch_F/UC_MainFirst.vhd 2015/10/29.13:45:33 P.20131013
EN work/UC_MainFirst 1446222558 \
      FL C:/Users/Brunno/Desktop/TZSearch_Github/TZSearch/TZSearch_F/UC_MainFirst.vhd \
      PB ieee/std_logic_1164 1381692176 PB ieee/STD_LOGIC_UNSIGNED 1381692179
AR work/UC_MainFirst/Behavioral 1446222559 \
      FL C:/Users/Brunno/Desktop/TZSearch_Github/TZSearch/TZSearch_F/UC_MainFirst.vhd \
      EN work/UC_MainFirst 1446222558
FL C:/Users/Brunno/Desktop/TZSearch_Github/TZSearch/TZSearch_F/UC_PredMov.vhd 2015/10/29.01:13:39 P.20131013
EN work/UC_PredMov 1446222562 \
      FL C:/Users/Brunno/Desktop/TZSearch_Github/TZSearch/TZSearch_F/UC_PredMov.vhd \
      PB ieee/std_logic_1164 1381692176 PB ieee/STD_LOGIC_UNSIGNED 1381692179
AR work/UC_PredMov/Behavioral 1446222563 \
      FL C:/Users/Brunno/Desktop/TZSearch_Github/TZSearch/TZSearch_F/UC_PredMov.vhd \
      EN work/UC_PredMov 1446222562
FL C:/Users/Brunno/Desktop/TZSearch_Github/TZSearch/TZSearch_F/UC_Raster.vhd 2015/10/29.15:54:16 P.20131013
EN work/UC_Raster 1446222560 \
      FL C:/Users/Brunno/Desktop/TZSearch_Github/TZSearch/TZSearch_F/UC_Raster.vhd \
      PB ieee/std_logic_1164 1381692176 PB ieee/STD_LOGIC_UNSIGNED 1381692179 \
      PB work/STD_SAD 1446222543
AR work/UC_Raster/Behavioral 1446222561 \
      FL C:/Users/Brunno/Desktop/TZSearch_Github/TZSearch/TZSearch_F/UC_Raster.vhd \
      EN work/UC_Raster 1446222560
FL C:/Users/Brunno/Desktop/TZSearch_Github/TZSearch/TZSearch_F/UC_SAD.vhd 2015/10/29.02:39:59 P.20131013
EN work/UC_SAD 1446222556 \
      FL C:/Users/Brunno/Desktop/TZSearch_Github/TZSearch/TZSearch_F/UC_SAD.vhd \
      PB ieee/std_logic_1164 1381692176 PB ieee/STD_LOGIC_UNSIGNED 1381692179
AR work/UC_SAD/Behavioral 1446222557 \
      FL C:/Users/Brunno/Desktop/TZSearch_Github/TZSearch/TZSearch_F/UC_SAD.vhd \
      EN work/UC_SAD 1446222556
FL C:/Users/Brunno/Desktop/TZSearch_Github/TZSearch/TZSearch_F/UC_TZSearch.vhd 2015/10/29.18:01:44 P.20131013
EN work/UC_TZSearch 1446222568 \
      FL C:/Users/Brunno/Desktop/TZSearch_Github/TZSearch/TZSearch_F/UC_TZSearch.vhd \
      PB ieee/std_logic_1164 1381692176 PB ieee/STD_LOGIC_UNSIGNED 1381692179
AR work/UC_TZSearch/Behavioral 1446222569 \
      FL C:/Users/Brunno/Desktop/TZSearch_Github/TZSearch/TZSearch_F/UC_TZSearch.vhd \
      EN work/UC_TZSearch 1446222568
