V3 54
FL C:/Users/Brunno/Desktop/TZSearch_Github/TZSearch/TZSearch_F/blck4x4.vhd 2015/03/25.12:39:51 P.20131013
EN work/blck4x4 1444466630 \
      FL C:/Users/Brunno/Desktop/TZSearch_Github/TZSearch/TZSearch_F/blck4x4.vhd \
      PB ieee/std_logic_1164 1381692176 PB ieee/STD_LOGIC_UNSIGNED 1381692179 \
      PB ieee/std_logic_arith 1381692177 PB ieee/NUMERIC_STD 1381692181 \
      PB work/STD_SAD 1444466623
AR work/blck4x4/Behavioral 1444466631 \
      FL C:/Users/Brunno/Desktop/TZSearch_Github/TZSearch/TZSearch_F/blck4x4.vhd \
      EN work/blck4x4 1444466630 CP genericSub CP genericAdder
FL C:/Users/Brunno/Desktop/TZSearch_Github/TZSearch/TZSearch_F/CircularBuffer_Datapath.vhd 2015/09/04.14:23:31 P.20131013
EN work/CircularBuffer_Datapath 1444466628 \
      FL C:/Users/Brunno/Desktop/TZSearch_Github/TZSearch/TZSearch_F/CircularBuffer_Datapath.vhd \
      PB ieee/std_logic_1164 1381692176 PB ieee/STD_LOGIC_UNSIGNED 1381692179 \
      PB ieee/NUMERIC_STD 1381692181 PB work/STD_SAD 1444466623
AR work/CircularBuffer_Datapath/Behavioral 1444466629 \
      FL C:/Users/Brunno/Desktop/TZSearch_Github/TZSearch/TZSearch_F/CircularBuffer_Datapath.vhd \
      EN work/CircularBuffer_Datapath 1444466628
FL C:/Users/Brunno/Desktop/TZSearch_Github/TZSearch/TZSearch_F/Datapath_FirstSearch.vhd 2015/10/10.02:51:50 P.20131013
EN work/Datapath_FirstSearch 1444466642 \
      FL C:/Users/Brunno/Desktop/TZSearch_Github/TZSearch/TZSearch_F/Datapath_FirstSearch.vhd \
      PB ieee/std_logic_1164 1381692176 PB ieee/STD_LOGIC_UNSIGNED 1381692179 \
      PB work/STD_SAD 1444466623
AR work/Datapath_FirstSearch/Behavioral 1444466643 \
      FL C:/Users/Brunno/Desktop/TZSearch_Github/TZSearch/TZSearch_F/Datapath_FirstSearch.vhd \
      EN work/Datapath_FirstSearch 1444466642 CP CircularBuffer_Datapath
FL C:/Users/Brunno/Desktop/TZSearch_Github/TZSearch/TZSearch_F/Datapath_Raster.vhd 2015/10/10.02:49:33 P.20131013
EN work/Datapath_Raster 1444466644 \
      FL C:/Users/Brunno/Desktop/TZSearch_Github/TZSearch/TZSearch_F/Datapath_Raster.vhd \
      PB ieee/std_logic_1164 1381692176 PB ieee/STD_LOGIC_UNSIGNED 1381692179 \
      PB work/STD_SAD 1444466623
AR work/Datapath_Raster/Behavioral 1444466645 \
      FL C:/Users/Brunno/Desktop/TZSearch_Github/TZSearch/TZSearch_F/Datapath_Raster.vhd \
      EN work/Datapath_Raster 1444466644
FL C:/Users/Brunno/Desktop/TZSearch_Github/TZSearch/TZSearch_F/Final_TZSearch.vhd 2015/10/10.05:41:10 P.20131013
EN work/Final_TZSearch 1444466648 \
      FL C:/Users/Brunno/Desktop/TZSearch_Github/TZSearch/TZSearch_F/Final_TZSearch.vhd \
      PB ieee/std_logic_1164 1381692176 PB ieee/STD_LOGIC_UNSIGNED 1381692179 \
      PB work/STD_SAD 1444466623
AR work/Final_TZSearch/Behavioral 1444466649 \
      FL C:/Users/Brunno/Desktop/TZSearch_Github/TZSearch/TZSearch_F/Final_TZSearch.vhd \
      EN work/Final_TZSearch 1444466648 CP Datapath CP UC_SAD CP UC_MainFirst \
      CP UC_Raster CP UC_PredMov CP Datapath_FirstSearch CP Datapath_Raster \
      CP UC_TZSearch
FL C:/Users/Brunno/Desktop/TZSearch_Github/TZSearch/TZSearch_F/genericAdder.vhd 2015/01/22.14:32:42 P.20131013
EN work/genericAdder 1444466626 \
      FL C:/Users/Brunno/Desktop/TZSearch_Github/TZSearch/TZSearch_F/genericAdder.vhd \
      PB ieee/std_logic_1164 1381692176 PB ieee/STD_LOGIC_UNSIGNED 1381692179
AR work/genericAdder/Behavioral 1444466627 \
      FL C:/Users/Brunno/Desktop/TZSearch_Github/TZSearch/TZSearch_F/genericAdder.vhd \
      EN work/genericAdder 1444466626
FL C:/Users/Brunno/Desktop/TZSearch_Github/TZSearch/TZSearch_F/genericSub.vhd 2015/03/23.16:58:31 P.20131013
EN work/genericSub 1444466624 \
      FL C:/Users/Brunno/Desktop/TZSearch_Github/TZSearch/TZSearch_F/genericSub.vhd \
      PB ieee/std_logic_1164 1381692176 PB ieee/STD_LOGIC_UNSIGNED 1381692179 \
      PB ieee/std_logic_arith 1381692177 PB ieee/NUMERIC_STD 1381692181
AR work/genericSub/Behavioral 1444466625 \
      FL C:/Users/Brunno/Desktop/TZSearch_Github/TZSearch/TZSearch_F/genericSub.vhd \
      EN work/genericSub 1444466624
FL C:/Users/Brunno/Desktop/TZSearch_Github/TZSearch/TZSearch_F/SAD4x4_Datapath.vhd 2015/10/09.22:34:09 P.20131013
EN work/Datapath 1444466632 \
      FL C:/Users/Brunno/Desktop/TZSearch_Github/TZSearch/TZSearch_F/SAD4x4_Datapath.vhd \
      PB ieee/std_logic_1164 1381692176 PB ieee/STD_LOGIC_UNSIGNED 1381692179 \
      PB ieee/std_logic_arith 1381692177 PB ieee/NUMERIC_STD 1381692181 \
      PB work/STD_SAD 1444466623
AR work/Datapath/Behavioral 1444466633 \
      FL C:/Users/Brunno/Desktop/TZSearch_Github/TZSearch/TZSearch_F/SAD4x4_Datapath.vhd \
      EN work/Datapath 1444466632 CP blck4x4 CP genericAdder
FL C:/Users/Brunno/Desktop/TZSearch_Github/TZSearch/TZSearch_F/STD_SAD.vhd 2015/10/08.23:56:07 P.20131013
PH work/STD_SAD 1444466622 \
      FL C:/Users/Brunno/Desktop/TZSearch_Github/TZSearch/TZSearch_F/STD_SAD.vhd \
      PB ieee/std_logic_1164 1381692176 PB ieee/STD_LOGIC_UNSIGNED 1381692179
PB work/STD_SAD 1444466623 \
      FL C:/Users/Brunno/Desktop/TZSearch_Github/TZSearch/TZSearch_F/STD_SAD.vhd \
      PH work/STD_SAD 1444466622
FL C:/Users/Brunno/Desktop/TZSearch_Github/TZSearch/TZSearch_F/UC_MainFirst.vhd 2015/10/09.23:29:39 P.20131013
EN work/UC_MainFirst 1444466636 \
      FL C:/Users/Brunno/Desktop/TZSearch_Github/TZSearch/TZSearch_F/UC_MainFirst.vhd \
      PB ieee/std_logic_1164 1381692176 PB ieee/STD_LOGIC_UNSIGNED 1381692179
AR work/UC_MainFirst/Behavioral 1444466637 \
      FL C:/Users/Brunno/Desktop/TZSearch_Github/TZSearch/TZSearch_F/UC_MainFirst.vhd \
      EN work/UC_MainFirst 1444466636
FL C:/Users/Brunno/Desktop/TZSearch_Github/TZSearch/TZSearch_F/UC_PredMov.vhd 2015/10/10.05:41:11 P.20131013
EN work/UC_PredMov 1444466640 \
      FL C:/Users/Brunno/Desktop/TZSearch_Github/TZSearch/TZSearch_F/UC_PredMov.vhd \
      PB ieee/std_logic_1164 1381692176 PB ieee/STD_LOGIC_UNSIGNED 1381692179
AR work/UC_PredMov/Behavioral 1444466641 \
      FL C:/Users/Brunno/Desktop/TZSearch_Github/TZSearch/TZSearch_F/UC_PredMov.vhd \
      EN work/UC_PredMov 1444466640
FL C:/Users/Brunno/Desktop/TZSearch_Github/TZSearch/TZSearch_F/UC_Raster.vhd 2015/10/10.03:01:12 P.20131013
EN work/UC_Raster 1444466638 \
      FL C:/Users/Brunno/Desktop/TZSearch_Github/TZSearch/TZSearch_F/UC_Raster.vhd \
      PB ieee/std_logic_1164 1381692176 PB ieee/STD_LOGIC_UNSIGNED 1381692179 \
      PB work/STD_SAD 1444466623
AR work/UC_Raster/Behavioral 1444466639 \
      FL C:/Users/Brunno/Desktop/TZSearch_Github/TZSearch/TZSearch_F/UC_Raster.vhd \
      EN work/UC_Raster 1444466638
FL C:/Users/Brunno/Desktop/TZSearch_Github/TZSearch/TZSearch_F/UC_SAD.vhd 2015/10/10.05:27:39 P.20131013
EN work/UC_SAD 1444466634 \
      FL C:/Users/Brunno/Desktop/TZSearch_Github/TZSearch/TZSearch_F/UC_SAD.vhd \
      PB ieee/std_logic_1164 1381692176 PB ieee/STD_LOGIC_UNSIGNED 1381692179
AR work/UC_SAD/Behavioral 1444466635 \
      FL C:/Users/Brunno/Desktop/TZSearch_Github/TZSearch/TZSearch_F/UC_SAD.vhd \
      EN work/UC_SAD 1444466634
FL C:/Users/Brunno/Desktop/TZSearch_Github/TZSearch/TZSearch_F/UC_TZSearch.vhd 2015/10/10.04:03:50 P.20131013
EN work/UC_TZSearch 1444466646 \
      FL C:/Users/Brunno/Desktop/TZSearch_Github/TZSearch/TZSearch_F/UC_TZSearch.vhd \
      PB ieee/std_logic_1164 1381692176 PB ieee/STD_LOGIC_UNSIGNED 1381692179
AR work/UC_TZSearch/Behavioral 1444466647 \
      FL C:/Users/Brunno/Desktop/TZSearch_Github/TZSearch/TZSearch_F/UC_TZSearch.vhd \
      EN work/UC_TZSearch 1444466646
